¬í sr (me.certtest.excercise.IOTests$SimplePOJO%¿GJa(‹ L at Ljava/lang/Integer;xpsr java.lang.Integerâ ¤÷‡8 I valuexr java.lang.Number†¬•”à‹  xp   sq ~  q ~ p